com\informatikgame\world\Room.class
com\informatikgame\world\PlayerType.class
com\informatikgame\entities\Character$CombatMessageType.class
com\informatikgame\ui\GameplayScreen$ColoredCombatMessage.class
com\informatikgame\ui\TutorialScreen.class
com\informatikgame\ui\GameplayScreen$QueuedCombatMessage.class
com\informatikgame\entities\Character$CombatEventListener.class
com\informatikgame\ui\GameplayScreen$UIState.class
com\informatikgame\ui\TutorialBoxRenderer.class
com\informatikgame\world\RoomUpgrade.class
com\informatikgame\ui\CharacterSelectionScreen.class
com\informatikgame\ui\StoryDatabank.class
com\informatikgame\world\UpgradeType.class
com\informatikgame\ui\MainMenuScreen$Particle.class
com\informatikgame\core\Main.class
com\informatikgame\ui\GameplayScreen$1.class
com\informatikgame\ui\SettingsScreen.class
com\informatikgame\world\RoomType.class
com\informatikgame\ui\MainMenuScreen.class
com\informatikgame\ui\CharacterSelectionScreen$TutorialState.class
com\informatikgame\entities\Player.class
com\informatikgame\ui\MainMenuScreen$1.class
com\informatikgame\combat\FightManager$AttackType.class
com\informatikgame\ui\ScreenManager$ScalingMode.class
com\informatikgame\ui\TutorialChoiceScreen.class
com\informatikgame\combat\FightManager$1.class
com\informatikgame\world\World.class
com\informatikgame\combat\FightManager$CombatMessageType.class
com\informatikgame\core\GameManager.class
com\informatikgame\ui\TutorialChoiceScreen$1.class
com\informatikgame\core\GameManager$GameEventListener.class
com\informatikgame\ui\GameplayScreen.class
com\informatikgame\ui\GameScreen.class
com\informatikgame\ui\ScreenManager$DisplayMode.class
com\informatikgame\ui\TutorialChoiceScreen$Particle.class
com\informatikgame\ui\GameplayScreen$CombatTutorialState.class
com\informatikgame\ui\ScreenManager$DisplayInfo.class
com\informatikgame\world\EnemyType.class
com\informatikgame\ui\ScreenManager.class
com\informatikgame\ui\GameplayScreen$CombatInputState.class
com\informatikgame\world\RoomUpgrade$1.class
com\informatikgame\entities\Character.class
com\informatikgame\combat\FightManager.class
com\informatikgame\ui\CharacterSelectionScreen$1.class
com\informatikgame\ui\CharacterSelectionScreen$Particle.class
com\informatikgame\ui\SettingsScreen$1.class
com\informatikgame\combat\FightManager$CombatEventListener.class
com\informatikgame\entities\Enemy.class
